// Jest Snapshot v1, https://goo.gl/fbAQLP

exports[`<FormSignUp /> should render the form 1`] = `
.c5 {
  display: -webkit-inline-box;
  display: -webkit-inline-flex;
  display: -ms-inline-flexbox;
  display: inline-flex;
  -webkit-align-items: center;
  -webkit-box-align: center;
  -ms-flex-align: center;
  align-items: center;
  -webkit-box-pack: center;
  -webkit-justify-content: center;
  -ms-flex-pack: center;
  justify-content: center;
  background: linear-gradient(180deg,#ff5f5f 0%,#f062c0 50%);
  color: #FAFAFA;
  border: 0;
  border-radius: 0.4rem;
  padding: 0.4rem;
  cursor: pointer;
  -webkit-text-decoration: none;
  text-decoration: none;
  height: 3.7rem;
  font-size: 1rem;
  padding: 0.4rem 2.8rem;
  width: 100%;
}

.c5:hover {
  background: linear-gradient(180deg,#e35565 0%,#d958a6 50%);
  background: linear-gradient(180deg,#e35565 0%,#d958a6 50%);
}

.c2 {
  display: -webkit-box;
  display: -webkit-flex;
  display: -ms-flexbox;
  display: flex;
  -webkit-align-items: center;
  -webkit-box-align: center;
  -ms-flex-align: center;
  align-items: center;
  -webkit-box-pack: space-evenly;
  -webkit-justify-content: space-evenly;
  -ms-flex-pack: space-evenly;
  justify-content: space-evenly;
  background: #EAEAEA;
  border-radius: 0.2rem;
  padding: 0.4rem 0;
  border: 0.1rem solid;
  border-color: #EAEAEA;
}

.c2 span,
.c2 svg {
  color: #8F8F8F;
  width: 1.3rem;
  height: 1.3rem;
}

.c2:focus-within {
  box-shadow: 0 0 0.5rem #F231A5;
}

.c3 {
  color: #030517;
  font-family: Poppins,-apple-system,BlinkMacSystemFont,'Segoe UI',Roboto,Oxygen,Ubuntu,Cantarell,'Open Sans','Helvetica Neue',sans-serif;
  font-size: 1rem;
  background: transparent;
  border: 0;
  outline: none;
  max-width: 100%;
}

.c0 .c1 {
  margin: 0.4rem 0;
}

.c0 .c4 {
  margin: 1.6rem auto 0.8rem;
}

.c6 {
  font-size: 0.8rem;
  color: #030517;
  text-align: center;
}

.c6 a {
  color: #3CD3C1;
  -webkit-text-decoration: none;
  text-decoration: none;
  border-bottom: 0.1rem solid #3CD3C1;
  -webkit-transition: color,border,0.1s ease-in-out;
  transition: color,border,0.1s ease-in-out;
}

.c6 a:hover {
  color: #29b3a3;
  border-bottom: 0.1rem solid #29b3a3;
}

<div
  class="c0"
>
  <form>
    <div
      class="c1 "
    >
      <div
        class="c2"
      >
        <span
          class=""
        >
          <svg
            fill="currentCollor"
            height="48"
            viewBox="0 96 960 960"
            width="48"
            xmlns="http://www.w3.org/2000/svg"
          >
            <path
              d="M222 801q63-44 125-67.5T480 710q71 0 133.5 23.5T739 801q44-54 62.5-109T820 576q0-145-97.5-242.5T480 236q-145 0-242.5 97.5T140 576q0 61 19 116t63 109Zm257.814-195Q422 606 382.5 566.314q-39.5-39.686-39.5-97.5t39.686-97.314q39.686-39.5 97.5-39.5t97.314 39.686q39.5 39.686 39.5 97.5T577.314 566.5q-39.686 39.5-97.5 39.5Zm.654 370Q398 976 325 944.5q-73-31.5-127.5-86t-86-127.266Q80 658.468 80 575.734T111.5 420.5q31.5-72.5 86-127t127.266-86q72.766-31.5 155.5-31.5T635.5 207.5q72.5 31.5 127 86t86 127.032q31.5 72.532 31.5 155T848.5 731q-31.5 73-86 127.5t-127.032 86q-72.532 31.5-155 31.5ZM480 916q55 0 107.5-16T691 844q-51-36-104-55t-107-19q-54 0-107 19t-104 55q51 40 103.5 56T480 916Zm0-370q34 0 55.5-21.5T557 469q0-34-21.5-55.5T480 392q-34 0-55.5 21.5T403 469q0 34 21.5 55.5T480 546Zm0-77Zm0 374Z"
            />
          </svg>
        </span>
        <input
          class="c3"
          name="username"
          placeholder="Username"
          type="text"
          value=""
        />
      </div>
    </div>
    <div
      class="c1 "
    >
      <div
        class="c2"
      >
        <span
          class=""
        >
          <svg
            fill="currentColor"
            height="48"
            viewBox="0 96 960 960"
            width="48"
            xmlns="http://www.w3.org/2000/svg"
          >
            <path
              d="M140 896q-24 0-42-18t-18-42V316q0-24 18-42t42-18h680q24 0 42 18t18 42v520q0 24-18 42t-42 18H140Zm680-525L496 583q-4 2-7.5 3.5T480 588q-5 0-8.5-1.5T464 583L140 371v465h680V371ZM480 534l336-218H145l335 218ZM140 371v7-39.317.732V316v23-.912V378v-7 465-465Z"
            />
          </svg>
        </span>
        <input
          class="c3"
          name="email"
          placeholder="Email"
          type="email"
          value=""
        />
      </div>
    </div>
    <div
      class="c1 "
    >
      <div
        class="c2"
      >
        <span
          class=""
        >
          <svg
            fill="currentColor"
            height="48"
            viewBox="0 96 960 960"
            width="48"
            xmlns="http://www.w3.org/2000/svg"
          >
            <path
              d="M220 976q-24.75 0-42.375-17.625T160 916V482q0-24.75 17.625-42.375T220 422h70v-96q0-78.85 55.606-134.425Q401.212 136 480.106 136T614.5 191.575Q670 247.15 670 326v96h70q24.75 0 42.375 17.625T800 482v434q0 24.75-17.625 42.375T740 976H220Zm0-60h520V482H220v434Zm260.168-140Q512 776 534.5 753.969T557 701q0-30-22.668-54.5t-54.5-24.5Q448 622 425.5 646.5t-22.5 55q0 30.5 22.668 52.5t54.5 22ZM350 422h260v-96q0-54.167-37.882-92.083-37.883-37.917-92-37.917Q426 196 388 233.917 350 271.833 350 326v96ZM220 916V482v434Z"
            />
          </svg>
        </span>
        <input
          class="c3"
          name="password"
          placeholder="Password"
          type="password"
          value=""
        />
      </div>
    </div>
    <div
      class="c1 "
    >
      <div
        class="c2"
      >
        <span
          class=""
        >
          <svg
            fill="currentColor"
            height="48"
            viewBox="0 96 960 960"
            width="48"
            xmlns="http://www.w3.org/2000/svg"
          >
            <path
              d="M220 976q-24.75 0-42.375-17.625T160 916V482q0-24.75 17.625-42.375T220 422h70v-96q0-78.85 55.606-134.425Q401.212 136 480.106 136T614.5 191.575Q670 247.15 670 326v96h70q24.75 0 42.375 17.625T800 482v434q0 24.75-17.625 42.375T740 976H220Zm0-60h520V482H220v434Zm260.168-140Q512 776 534.5 753.969T557 701q0-30-22.668-54.5t-54.5-24.5Q448 622 425.5 646.5t-22.5 55q0 30.5 22.668 52.5t54.5 22ZM350 422h260v-96q0-54.167-37.882-92.083-37.883-37.917-92-37.917Q426 196 388 233.917 350 271.833 350 326v96ZM220 916V482v434Z"
            />
          </svg>
        </span>
        <input
          class="c3"
          name="confirm-password"
          placeholder="Confirm password"
          type="password"
          value=""
        />
      </div>
    </div>
    <button
      class="c4 c5"
      type="submit"
    >
      <span>
        <span>
          Sign up now
        </span>
      </span>
    </button>
    <div
      class="c6"
    >
      Already have an account? 
      <a
        href="/sign-in"
      >
        Sign in
      </a>
    </div>
  </form>
</div>
`;
