// Jest Snapshot v1, https://goo.gl/fbAQLP

exports[`<Banner /> should render the image 1`] = `
.c5 {
  display: -webkit-inline-box;
  display: -webkit-inline-flex;
  display: -ms-inline-flexbox;
  display: inline-flex;
  -webkit-align-items: center;
  -webkit-box-align: center;
  -ms-flex-align: center;
  align-items: center;
  -webkit-box-pack: center;
  -webkit-justify-content: center;
  -ms-flex-pack: center;
  justify-content: center;
  background: linear-gradient(180deg,#ff5f5f 0%,#f062c0 50%);
  color: #FAFAFA;
  border: 0;
  border-radius: 0.4rem;
  padding: 0.4rem;
  cursor: pointer;
  -webkit-text-decoration: none;
  text-decoration: none;
  height: 3.7rem;
  font-size: 1rem;
  padding: 0.4rem 2.8rem;
}

.c5:focus {
  outline: 1px dashed;
}

.c5:hover {
  background: linear-gradient(180deg,#e35565 0%,#d958a6 50%);
  background: linear-gradient(180deg,#e35565 0%,#d958a6 50%);
}

.c0 {
  position: relative;
}

.c1 {
  width: 100%;
  height: 23rem;
  background-color: #EAEAEA;
  background-position: center center;
  position: relative;
}

.c2 {
  width: 100%;
  background-color: rgba(0,0,0,0.7);
  padding: 1.2rem;
}

.c3 {
  font-size: 1.2rem;
  font-weight: 600;
  color: #FAFAFA;
}

.c4 {
  font-size: 0.8rem;
  font-weight: 400;
  color: #FAFAFA;
  margin-bottom: 0.8rem;
}

.c4 strong {
  color: #F231A5;
  font-weight: 600;
}

@media (min-width:768px) {
  .c0 {
    box-shadow: 0 0.4rem 0.5rem 0 rgba(0,0,0,0.2);
  }
}

@media (max-width:1170px) {

}

@media (min-width:768px) {
  .c1 {
    height: 58rem;
  }
}

@media (min-width:768px) {
  .c2 {
    border-radius: 0 0 0.4rem 0.4rem;
    padding: 2.0rem;
    position: absolute;
    bottom: 0;
    left: 0;
  }
}

@media (min-width:768px) {
  .c3 {
    font-size: 2rem;
  }
}

@media (min-width:768px) {
  .c4 {
    font-size: 1.2rem;
  }
}

<div>
  <main
    class="c0"
  >
    <div
      class="c1"
    >
      <img
        alt="Defy death"
        data-nimg="fill"
        decoding="async"
        loading="lazy"
        sizes="100vw"
        src="/_next/image?url=https%3A%2F%2Fsource.unsplash.com%2Fuser%2Fwillianjusten%2F1042x580&w=3840&q=75"
        srcset="/_next/image?url=https%3A%2F%2Fsource.unsplash.com%2Fuser%2Fwillianjusten%2F1042x580&w=640&q=75 640w, /_next/image?url=https%3A%2F%2Fsource.unsplash.com%2Fuser%2Fwillianjusten%2F1042x580&w=750&q=75 750w, /_next/image?url=https%3A%2F%2Fsource.unsplash.com%2Fuser%2Fwillianjusten%2F1042x580&w=828&q=75 828w, /_next/image?url=https%3A%2F%2Fsource.unsplash.com%2Fuser%2Fwillianjusten%2F1042x580&w=1080&q=75 1080w, /_next/image?url=https%3A%2F%2Fsource.unsplash.com%2Fuser%2Fwillianjusten%2F1042x580&w=1200&q=75 1200w, /_next/image?url=https%3A%2F%2Fsource.unsplash.com%2Fuser%2Fwillianjusten%2F1042x580&w=1920&q=75 1920w, /_next/image?url=https%3A%2F%2Fsource.unsplash.com%2Fuser%2Fwillianjusten%2F1042x580&w=2048&q=75 2048w, /_next/image?url=https%3A%2F%2Fsource.unsplash.com%2Fuser%2Fwillianjusten%2F1042x580&w=3840&q=75 3840w"
        style="position: absolute; height: 100%; width: 100%; left: 0px; top: 0px; right: 0px; bottom: 0px; color: transparent;"
      />
    </div>
    <div
      class="c2"
    >
      <h2
        class="c3"
      >
        Defy death
      </h2>
      <h3
        class="c4"
      >
        <p>
          Play the new 
          <strong>
            CrashLands
          </strong>
           season
        </p>
      </h3>
      <a
        class="c5"
        href="/games/defy-death"
      >
        <span>
          Buy now
        </span>
      </a>
    </div>
  </main>
</div>
`;
