// Jest Snapshot v1, https://goo.gl/fbAQLP

exports[`<CartList /> should render the cart list 1`] = `
.c2 {
  padding: 1.2rem;
  border-bottom: 0.1rem solid #EAEAEA;
}

.c3 {
  display: -webkit-box;
  display: -webkit-flex;
  display: -ms-flexbox;
  display: flex;
  width: 100%;
}

.c7 {
  display: -webkit-box;
  display: -webkit-flex;
  display: -ms-flexbox;
  display: flex;
  -webkit-align-items: center;
  -webkit-box-align: center;
  -ms-flex-align: center;
  align-items: center;
  -webkit-box-pack: justify;
  -webkit-justify-content: space-between;
  -ms-flex-pack: justify;
  justify-content: space-between;
  width: 100%;
}

.c4 {
  -webkit-flex-shrink: 0;
  -ms-flex-negative: 0;
  flex-shrink: 0;
  margin-right: 1.2rem;
  width: 9.6rem;
  height: 5.6rem;
}

.c4 img {
  width: 100%;
  height: 100%;
  object-fit: cover;
}

.c5 {
  display: -webkit-box;
  display: -webkit-flex;
  display: -ms-flexbox;
  display: flex;
  -webkit-flex-direction: column;
  -ms-flex-direction: column;
  flex-direction: column;
  -webkit-align-items: flex-start;
  -webkit-box-align: flex-start;
  -ms-flex-align: flex-start;
  align-items: flex-start;
  width: 100%;
}

.c6 {
  font-size: 0.8rem;
  line-height: 0.8rem;
  font-weight: 600;
  color: #030517;
  margin-bottom: 0.4rem;
}

.c8 {
  color: #FAFAFA;
  padding: 0.2rem 0.4rem;
  background-color: #3CD3C1;
  border-radius: 0.4rem;
  font-size: 0.8rem;
  font-weight: 600;
}

.c0 {
  background: #FAFAFA;
  display: -webkit-box;
  display: -webkit-flex;
  display: -ms-flexbox;
  display: flex;
  -webkit-flex-direction: column;
  -ms-flex-direction: column;
  flex-direction: column;
  -webkit-align-self: start;
  -ms-flex-item-align: start;
  align-self: start;
}

.c1 {
  max-height: 40rem;
  overflow-y: auto;
}

.c9 {
  background: #eee;
  color: #030517;
  font-weight: 600;
  font-size: 0.8rem;
  padding: 2rem;
  display: -webkit-box;
  display: -webkit-flex;
  display: -ms-flexbox;
  display: flex;
  -webkit-align-items: center;
  -webkit-box-align: center;
  -ms-flex-align: center;
  align-items: center;
  -webkit-box-pack: justify;
  -webkit-justify-content: space-between;
  -ms-flex-pack: justify;
  justify-content: space-between;
}

.c10 {
  color: #F231A5;
}

@media (min-width:768px) {
  .c2 {
    display: -webkit-box;
    display: -webkit-flex;
    display: -ms-flexbox;
    display: flex;
  }
}

@media (min-width:768px) {
  .c4 {
    margin-right: 0.8rem;
    width: 15rem;
    height: 7rem;
  }
}

@media (min-width:768px) {
  .c6 {
    font-size: 2rem;
    line-height: 2rem;
  }
}

@media (min-width:768px) {
  .c9 {
    font-size: 1rem;
    padding: 1.2rem;
  }
}

<div
  class="c0"
>
  <div
    class="c1"
  >
    <div
      class="c2"
    >
      <div
        class="c3"
      >
        <div
          class="c4"
        >
          <img
            alt="Enter the Gungeon"
            src="http://127.0.0.1:1337/uploads/enter_the_gungeon_46f4fe4c68.jpg"
          />
        </div>
        <div
          class="c5"
        >
          <h3
            class="c6"
          >
            Enter the Gungeon
          </h3>
          <div
            class="c7"
          >
            <div
              class="c8"
            >
              $27.99
            </div>
          </div>
        </div>
      </div>
    </div>
    <div
      class="c2"
    >
      <div
        class="c3"
      >
        <div
          class="c4"
        >
          <img
            alt="The Witcher: Enhanced Edition"
            src="http://127.0.0.1:1337/uploads/the_witcher_fe844be564.jpg"
          />
        </div>
        <div
          class="c5"
        >
          <h3
            class="c6"
          >
            The Witcher: Enhanced Edition
          </h3>
          <div
            class="c7"
          >
            <div
              class="c8"
            >
              $10.50
            </div>
          </div>
        </div>
      </div>
    </div>
  </div>
  <div
    class="c9"
  >
    <span>
      Total:
    </span>
    <span
      class="c10"
    >
      R$ 38,49
    </span>
  </div>
</div>
`;
